Multiple messages in the same stream are not supported.